// Jest Snapshot v1, https://goo.gl/fbAQLP

exports[`BookmarkStar renders 1`] = `
<withApi(BookmarkStar)
  organization={
    Object {
      "access": Array [
        "org:read",
        "org:write",
        "org:admin",
        "org:integrations",
        "project:read",
        "project:write",
        "project:admin",
        "team:read",
        "team:write",
        "team:admin",
      ],
      "experiments": Object {},
      "features": Array [],
      "id": "3",
      "name": "Organization Name",
      "onboardingTasks": Array [],
      "projects": Array [],
      "scrapeJavaScript": true,
      "slug": "org-slug",
      "status": Object {
        "id": "active",
        "name": "active",
      },
      "teams": Array [],
    }
  }
  project={
    Object {
      "environments": Array [],
      "hasAccess": true,
      "id": "2",
      "isBookmarked": false,
      "isMember": true,
      "name": "Project Name",
      "slug": "project-slug",
      "teams": Array [],
    }
  }
>
  <BookmarkStar
    api={
      Client {
        "_chain": [Function],
        "_wrapRequest": [Function],
        "bulkUpdate": [Function],
        "handleRequestError": [Function],
        "hasProjectBeenRenamed": [Function],
      }
    }
    organization={
      Object {
        "access": Array [
          "org:read",
          "org:write",
          "org:admin",
          "org:integrations",
          "project:read",
          "project:write",
          "project:admin",
          "team:read",
          "team:write",
          "team:admin",
        ],
        "experiments": Object {},
        "features": Array [],
        "id": "3",
        "name": "Organization Name",
        "onboardingTasks": Array [],
        "projects": Array [],
        "scrapeJavaScript": true,
        "slug": "org-slug",
        "status": Object {
          "id": "active",
          "name": "active",
        },
        "teams": Array [],
      }
    }
    project={
      Object {
        "environments": Array [],
        "hasAccess": true,
        "id": "2",
        "isBookmarked": false,
        "isMember": true,
        "name": "Project Name",
        "slug": "project-slug",
        "teams": Array [],
      }
    }
  >
    <Star
      isBookmarked={false}
      isSolid={true}
      onClick={[Function]}
    >
      <IconStar
        className="css-11hie0z-Star ez1a7zv0"
        onClick={[Function]}
      >
        <ForwardRef(SvgIcon)
          className="css-11hie0z-Star ez1a7zv0"
          onClick={[Function]}
        >
          <svg
            className="css-11hie0z-Star ez1a7zv0"
            fill="currentColor"
            height="16px"
            onClick={[Function]}
            viewBox="0 0 16 16"
            width="16px"
          >
            <path
              d="M12.47,15.63a.73.73,0,0,1-.35-.09L8,13.38,3.88,15.54a.75.75,0,0,1-.79,0,.76.76,0,0,1-.3-.74l.79-4.59L.24,6.91A.75.75,0,0,1,.66,5.63L5.27,5,7.33.79a.78.78,0,0,1,1.34,0L10.73,5l4.61.67a.75.75,0,0,1,.42,1.28l-3.34,3.25.79,4.59a.76.76,0,0,1-.3.74A.79.79,0,0,1,12.47,15.63ZM8,11.78a.85.85,0,0,1,.35.08l3.12,1.65L10.88,10a.78.78,0,0,1,.21-.67L13.62,6.9l-3.49-.51A.74.74,0,0,1,9.56,6L8,2.82,6.44,6a.74.74,0,0,1-.57.41L2.38,6.9,4.91,9.36a.78.78,0,0,1,.21.67l-.59,3.48,3.12-1.65A.85.85,0,0,1,8,11.78Z"
            />
          </svg>
        </ForwardRef(SvgIcon)>
      </IconStar>
    </Star>
  </BookmarkStar>
</withApi(BookmarkStar)>
`;
