// Jest Snapshot v1, https://goo.gl/fbAQLP

exports[`SettingsLayout renders 1`] = `
<Fragment>
  <SettingsColumn>
    <SettingsHeader>
      <HeaderContent>
        <NavMenuToggle
          icon={<ForwardRef(IconMenu) />}
          onClick={[Function]}
          priority="link"
        />
        <StyledSettingsBreadcrumb
          route={Object {}}
          routes={Array []}
        />
        <StyledSettingsSearch
          router={
            Object {
              "createHref": [MockFunction],
              "go": [MockFunction],
              "goBack": [MockFunction],
              "goForward": [MockFunction],
              "isActive": [MockFunction],
              "listen": [MockFunction],
              "location": Object {
                "query": Object {},
              },
              "push": [MockFunction],
              "replace": [MockFunction],
              "setRouteLeaveHook": [MockFunction],
            }
          }
          routes={Array []}
        />
      </HeaderContent>
    </SettingsHeader>
    <MaxWidthContainer>
      <NavMask
        isVisible={false}
      />
      <Content />
    </MaxWidthContainer>
  </SettingsColumn>
</Fragment>
`;
